------------------------------------------------------------
TimeQuest Timing Analyzer Summary
------------------------------------------------------------

Type  : Slow 1200mV 85C Model Setup 'clk'
Slack : -0.121
TNS   : -1.329

Type  : Slow 1200mV 85C Model Hold 'clk'
Slack : 0.666
TNS   : 0.000

Type  : Slow 1200mV 85C Model Recovery 'clk'
Slack : 0.095
TNS   : 0.000

Type  : Slow 1200mV 85C Model Removal 'clk'
Slack : -0.131
TNS   : -1.819

Type  : Slow 1200mV 85C Model Minimum Pulse Width 'clk'
Slack : -3.000
TNS   : -17.000

Type  : Slow 1200mV 85C Model Minimum Pulse Width 'rst'
Slack : -3.000
TNS   : -3.000

Type  : Slow 1200mV 0C Model Setup 'clk'
Slack : -0.056
TNS   : -0.552

Type  : Slow 1200mV 0C Model Hold 'clk'
Slack : 0.638
TNS   : 0.000

Type  : Slow 1200mV 0C Model Recovery 'clk'
Slack : 0.130
TNS   : 0.000

Type  : Slow 1200mV 0C Model Removal 'clk'
Slack : -0.134
TNS   : -1.855

Type  : Slow 1200mV 0C Model Minimum Pulse Width 'clk'
Slack : -3.000
TNS   : -17.000

Type  : Slow 1200mV 0C Model Minimum Pulse Width 'rst'
Slack : -3.000
TNS   : -3.000

Type  : Fast 1200mV 0C Model Setup 'clk'
Slack : -0.150
TNS   : -1.725

Type  : Fast 1200mV 0C Model Hold 'clk'
Slack : 0.850
TNS   : 0.000

Type  : Fast 1200mV 0C Model Recovery 'clk'
Slack : -0.029
TNS   : -0.389

Type  : Fast 1200mV 0C Model Removal 'clk'
Slack : -0.085
TNS   : -1.185

Type  : Fast 1200mV 0C Model Minimum Pulse Width 'clk'
Slack : -3.000
TNS   : -17.373

Type  : Fast 1200mV 0C Model Minimum Pulse Width 'rst'
Slack : -3.000
TNS   : -3.000

------------------------------------------------------------
